// Jest Snapshot v1, https://goo.gl/fbAQLP

exports[`format 1`] = `
"type Data = {
  hello?: \\"hello\\" | 40
  goodbye: { data: (string | false | { name: \\"hi\\" | \\"bye\\" })[] }[]
}
"
`;
